{
  "file": "C:/Users/jorda/Projects/github.com/jordan-lumley/a1pos/main.go:16",
  "func": "main.main",
  "level": "info",
  "msg": "main() initialize",
  "time": "2020-11-19T21:57:11-05:00"
}
{
  "file": "C:/Users/jorda/Projects/github.com/jordan-lumley/a1pos/cmd/monitor/monitor.go:28",
  "func": "github.com/jordan-lumley/a1pos/cmd/monitor.memoryMonitor",
  "level": "info",
  "msg": "UsedPercent:41.000000%",
  "time": "2020-11-19T21:57:11-05:00"
}
{
  "file": "C:/Users/jorda/Projects/github.com/jordan-lumley/a1pos/cmd/monitor/monitor.go:42",
  "func": "github.com/jordan-lumley/a1pos/cmd/monitor.cpuMonitor",
  "level": "info",
  "msg": "UsedPercent:[33.333333]%",
  "time": "2020-11-19T21:57:11-05:00"
}
{
  "file": "C:/Users/jorda/Projects/github.com/jordan-lumley/a1pos/cmd/monitor/monitor.go:54",
  "func": "github.com/jordan-lumley/a1pos/cmd/monitor.diskMonitor",
  "level": "info",
  "msg": "map[C::{\"readCount\":1207534,\"mergedReadCount\":0,\"writeCount\":2738129,\"mergedWriteCount\":0,\"readBytes\":61628195840,\"writeBytes\":114180459008,\"readTime\":999,\"writeTime\":608,\"iopsInProgress\":0,\"ioTime\":0,\"weightedIO\":0,\"name\":\"C:\",\"serialNumber\":\"\",\"label\":\"\"} D::{\"readCount\":84248,\"mergedReadCount\":0,\"writeCount\":48379,\"mergedWriteCount\":0,\"readBytes\":21655307776,\"writeBytes\":21142647808,\"readTime\":791,\"writeTime\":567,\"iopsInProgress\":0,\"ioTime\":0,\"weightedIO\":0,\"name\":\"D:\",\"serialNumber\":\"\",\"label\":\"\"} E::{\"readCount\":9690,\"mergedReadCount\":0,\"writeCount\":12,\"mergedWriteCount\":0,\"readBytes\":217210368,\"writeBytes\":49152,\"readTime\":2,\"writeTime\":0,\"iopsInProgress\":0,\"ioTime\":0,\"weightedIO\":0,\"name\":\"E:\",\"serialNumber\":\"\",\"label\":\"\"}]",
  "time": "2020-11-19T21:57:11-05:00"
}
{
  "file": "C:/Users/jorda/Projects/github.com/jordan-lumley/a1pos/cmd/monitor/monitor.go:28",
  "func": "github.com/jordan-lumley/a1pos/cmd/monitor.memoryMonitor",
  "level": "info",
  "msg": "UsedPercent:40.000000%",
  "time": "2020-11-19T21:57:16-05:00"
}
{
  "file": "C:/Users/jorda/Projects/github.com/jordan-lumley/a1pos/cmd/monitor/monitor.go:28",
  "func": "github.com/jordan-lumley/a1pos/cmd/monitor.memoryMonitor",
  "level": "info",
  "msg": "UsedPercent:40.000000%",
  "time": "2020-11-19T21:57:21-05:00"
}
